// Jest Snapshot v1, https://goo.gl/fbAQLP

exports[`Team Teamのスナップショット 1`] = `
<DocumentFragment>
  <article
    class="team"
  >
    <header
      class="header"
    >
      <h1>
        Pick Your Team
      </h1>
    </header>
    <div>
      <ul
        class="list"
      />
      <div
        class="addListItem addForm"
      >
        <input
          class="input"
          placeholder="Your team not on the list?"
          type="text"
          value=""
        />
        <button
          class="button --basic"
          disabled=""
          type="button"
        >
          add
        </button>
      </div>
    </div>
    <footer
      class="footer"
    >
      <button
        class="button --basic"
        disabled=""
        type="button"
      >
        join
      </button>
      <button
        class="button --basic"
        type="button"
      >
        cancel
      </button>
    </footer>
  </article>
</DocumentFragment>
`;
