// Jest Snapshot v1, https://goo.gl/fbAQLP

exports[`WaitingRoom WaitingRoomのスナップショット 1`] = `
<DocumentFragment>
  <article
    class="waitingRoom"
  >
    <header
      class="header"
    >
      <h1>
        チームが選ばれていません
      </h1>
    </header>
    <p
      class="paragraph"
    >
      先にチームを選んでください。
    </p>
    <footer
      class="footer"
    >
      <button
        class="button --basic"
        type="button"
      >
        まずはチームを組もう！
      </button>
    </footer>
  </article>
</DocumentFragment>
`;
