// Jest Snapshot v1, https://goo.gl/fbAQLP

exports[`Home Homeのスナップショット 1`] = `
<DocumentFragment>
  <div
    class="l-page home"
  >
    <div
      class="icon"
    >
      ⚡️
    </div>
    <h1
      class="title"
    >
      TeamVolt
    </h1>
    <div
      class="menu"
    >
      <button
        class="button --basic"
        type="button"
      >
        Team Up!
      </button>
    </div>
  </div>
</DocumentFragment>
`;
