// Jest Snapshot v1, https://goo.gl/fbAQLP

exports[`Home Homeのスナップショット 1`] = `
<DocumentFragment>
  <article
    class="home"
  >
    <header
      class="header"
    >
      <div
        class="icon"
      >
        ⚡️
      </div>
      <h1
        class="title"
      >
        TeamVolt
      </h1>
    </header>
    <div
      class="body"
    >
      <button
        class="button button --basic"
        type="button"
      >
        Team Up!
      </button>
      <p
        class="description"
      >
        TeamVolt is a group-based mobile browser game. Players divide into 'Chargers' and 'Rescuers' to tackle missions. Chargers generate energy while Rescuers use it to save robots. Individual efforts synergize for team success!
      </p>
    </div>
  </article>
</DocumentFragment>
`;
