// Jest Snapshot v1, https://goo.gl/fbAQLP

exports[`Play Playのスナップショット 1`] = `
<DocumentFragment>
  <div
    class="l-page play"
  >
    <div
      class="container"
    >
      <p>
        winner: 
      </p>
      <p>
        myself: 
      </p>
      <div
        class="memberList"
      />
      <div
        class="menu"
      >
        <button
          class="button --basic"
          type="button"
        >
          reload
        </button>
        <button
          class="button --basic"
          type="button"
        >
          drew
        </button>
        <button
          class="button --basic"
          type="button"
        >
          exit
        </button>
      </div>
    </div>
  </div>
</DocumentFragment>
`;
