// Jest Snapshot v1, https://goo.gl/fbAQLP

exports[`EnergyCharge EnergyChargeのスナップショット 1`] = `
<DocumentFragment>
  <article
    class="article"
  >
    <header
      class="header"
    >
      <h1>
        Energy Charge
      </h1>
      <p>
        You're on 
        <strong>
          Charger
        </strong>
         duty!
      </p>
    </header>
    <div
      class="body"
    >
      <div
        class="ready"
      >
        <p>
          Tap the screen many times to charge the battery.
        </p>
        <button
          class="button --basic"
          type="button"
        >
          I'm Ready
        </button>
      </div>
      <div
        class="stock"
      />
    </div>
    <footer
      class="footer"
    />
  </article>
</DocumentFragment>
`;
