// Jest Snapshot v1, https://goo.gl/fbAQLP

exports[`TargetLead TargetLeadのスナップショット 1`] = `
<DocumentFragment>
  <article
    class="article"
  >
    <header
      class="header"
    >
      <h1>
        Target Lead
      </h1>
      <p>
        <svg
          class="batteryIcon"
          fill="currentColor"
          height="1em"
          stroke="currentColor"
          stroke-width="0"
          viewBox="0 0 24 24"
          width="1em"
          xmlns="http://www.w3.org/2000/svg"
        >
          <path
            d="M0 0h24v24H0z"
            fill="none"
          />
          <path
            d="M15.67 4H14V2h-4v2H8.33C7.6 4 7 4.6 7 5.33v15.33C7 21.4 7.6 22 8.33 22h7.33c.74 0 1.34-.6 1.34-1.33V5.33C17 4.6 16.4 4 15.67 4zM11 20v-5.5H9L13 7v5.5h2L11 20z"
          />
        </svg>
         x 0 / progress: NaN%
      </p>
    </header>
    <div
      class="body"
    >
      <div
        class="mapArea"
      >
        <p
          class="message"
        >
          Mission Complete!
        </p>
        <div
          class="missionMap"
        >
          <div
            class="map"
          >
            <div
              class="cell --current"
            >
              <svg
                class="icon"
                fill="currentColor"
                height="1em"
                stroke="currentColor"
                stroke-width="0"
                viewBox="0 0 640 512"
                width="1em"
                xmlns="http://www.w3.org/2000/svg"
              >
                <path
                  d="M32,224H64V416H32A31.96166,31.96166,0,0,1,0,384V256A31.96166,31.96166,0,0,1,32,224Zm512-48V448a64.06328,64.06328,0,0,1-64,64H160a64.06328,64.06328,0,0,1-64-64V176a79.974,79.974,0,0,1,80-80H288V32a32,32,0,0,1,64,0V96H464A79.974,79.974,0,0,1,544,176ZM264,256a40,40,0,1,0-40,40A39.997,39.997,0,0,0,264,256Zm-8,128H192v32h64Zm96,0H288v32h64ZM456,256a40,40,0,1,0-40,40A39.997,39.997,0,0,0,456,256Zm-8,128H384v32h64ZM640,256V384a31.96166,31.96166,0,0,1-32,32H576V224h32A31.96166,31.96166,0,0,1,640,256Z"
                />
              </svg>
            </div>
          </div>
        </div>
        <div
          class="boostChallenge  "
        >
          <div
            class="screen"
          />
          <div
            class="container"
          >
            <div
              class="target"
              style="transform: translate(0px, 0px); transition-duration: 1000ms; animation-duration: 1250ms;"
            >
              <svg
                class="icon"
                fill="currentColor"
                height="1em"
                stroke="currentColor"
                stroke-width="0"
                viewBox="0 0 640 512"
                width="1em"
                xmlns="http://www.w3.org/2000/svg"
              >
                <path
                  d="M32,224H64V416H32A31.96166,31.96166,0,0,1,0,384V256A31.96166,31.96166,0,0,1,32,224Zm512-48V448a64.06328,64.06328,0,0,1-64,64H160a64.06328,64.06328,0,0,1-64-64V176a79.974,79.974,0,0,1,80-80H288V32a32,32,0,0,1,64,0V96H464A79.974,79.974,0,0,1,544,176ZM264,256a40,40,0,1,0-40,40A39.997,39.997,0,0,0,264,256Zm-8,128H192v32h64Zm96,0H288v32h64ZM456,256a40,40,0,1,0-40,40A39.997,39.997,0,0,0,456,256Zm-8,128H384v32h64ZM640,256V384a31.96166,31.96166,0,0,1-32,32H576V224h32A31.96166,31.96166,0,0,1,640,256Z"
                />
              </svg>
            </div>
            <div
              class="frame"
            />
          </div>
        </div>
      </div>
    </div>
    <footer
      class="footer"
    >
      <button
        class="button --basic"
        type="button"
      >
        Close Mission
      </button>
    </footer>
  </article>
</DocumentFragment>
`;
